  Geri y├╝klenecek projeler belirleniyor...
C:\Users\fatih\Downloads\GitHub\protokolapi\SubuProtokol.Core\SubuProtokol.Core.csproj : error NU1101: Sabis.SDFSClientCore paketi bulunam─▒yor. Kaynaklarda bu kimli─şe sahip paket yok: Microsoft Visual Studio Offline Packages, nuget.org [C:\Users\fatih\Downloads\GitHub\protokolapi\SUBUArchitecture.sln]
C:\Users\fatih\Downloads\GitHub\protokolapi\SubuProtokol.Models\SubuProtokol.Models.csproj : error NU1101: Sabis.SDFSClientCore paketi bulunam─▒yor. Kaynaklarda bu kimli─şe sahip paket yok: Microsoft Visual Studio Offline Packages, nuget.org [C:\Users\fatih\Downloads\GitHub\protokolapi\SUBUArchitecture.sln]
C:\Users\fatih\Downloads\GitHub\protokolapi\SubuProtokol.Entities\SubuProtokol.Entities.csproj : error NU1101: Sabis.SDFSClientCore paketi bulunam─▒yor. Kaynaklarda bu kimli─şe sahip paket yok: Microsoft Visual Studio Offline Packages, nuget.org [C:\Users\fatih\Downloads\GitHub\protokolapi\SUBUArchitecture.sln]
C:\Users\fatih\Downloads\GitHub\protokolapi\SubuProtokol.API\SubuProtokol.API.csproj : error NU1101: Sabis.SDFSClientCore paketi bulunam─▒yor. Kaynaklarda bu kimli─şe sahip paket yok: Microsoft Visual Studio Offline Packages, nuget.org [C:\Users\fatih\Downloads\GitHub\protokolapi\SUBUArchitecture.sln]
C:\Users\fatih\Downloads\GitHub\protokolapi\SubuProtokol.DataAccess\SubuProtokol.DataAccess.csproj : error NU1101: Sabis.SDFSClientCore paketi bulunam─▒yor. Kaynaklarda bu kimli─şe sahip paket yok: Microsoft Visual Studio Offline Packages, nuget.org [C:\Users\fatih\Downloads\GitHub\protokolapi\SUBUArchitecture.sln]
C:\Users\fatih\Downloads\GitHub\protokolapi\SubuProtokol.Services\SubuProtokol.Services.csproj : error NU1101: Sabis.SDFSClientCore paketi bulunam─▒yor. Kaynaklarda bu kimli─şe sahip paket yok: Microsoft Visual Studio Offline Packages, nuget.org [C:\Users\fatih\Downloads\GitHub\protokolapi\SUBUArchitecture.sln]
C:\Users\fatih\Downloads\GitHub\protokolapi\SubuProtokol.WEBUI\SubuProtokol.WEBUI.csproj : error NU1101: Sabis.SDFSClientCore paketi bulunam─▒yor. Kaynaklarda bu kimli─şe sahip paket yok: Microsoft Visual Studio Offline Packages, nuget.org [C:\Users\fatih\Downloads\GitHub\protokolapi\SUBUArchitecture.sln]
C:\Users\fatih\Downloads\GitHub\protokolapi\SubuProtokol.WEBUI\SubuProtokol.WEBUI.csproj : warning NU1902: 'RestSharp' 108.0.2 paketinde ├Ânem derecesi orta olan bilinen bir https://github.com/advisories/GHSA-4rr6-2v9v-wcpc g├╝venlik a├ğ─▒─ş─▒ var [C:\Users\fatih\Downloads\GitHub\protokolapi\SUBUArchitecture.sln]
C:\Users\fatih\Downloads\GitHub\protokolapi\SubuProtokol.DataAccess\SubuProtokol.DataAccess.csproj : warning NU1903: 'MongoDB.Driver' 2.18.0 paketinde ├Ânem derecesi y├╝ksek olan bilinen bir https://github.com/advisories/GHSA-7j9m-j397-g4wx g├╝venlik a├ğ─▒─ş─▒ var [C:\Users\fatih\Downloads\GitHub\protokolapi\SUBUArchitecture.sln]
C:\Users\fatih\Downloads\GitHub\protokolapi\SubuProtokol.API\SubuProtokol.API.csproj : warning NU1701: 'Microsoft.AspNet.Mvc 5.2.9' paketi, proje hedef ├ğer├ğevesi 'net6.0' yerine '.NETFramework,Version=v4.6.1, .NETFramework,Version=v4.6.2, .NETFramework,Version=v4.7, .NETFramework,Version=v4.7.1, .NETFramework,Version=v4.7.2, .NETFramework,Version=v4.8, .NETFramework,Version=v4.8.1' kullan─▒larak geri y├╝klendi. Bu paket projenizle tamamen uyumlu olmayabilir. [C:\Users\fatih\Downloads\GitHub\protokolapi\SUBUArchitecture.sln]
C:\Users\fatih\Downloads\GitHub\protokolapi\SubuProtokol.API\SubuProtokol.API.csproj : warning NU1701: 'Microsoft.AspNet.Razor 3.2.9' paketi, proje hedef ├ğer├ğevesi 'net6.0' yerine '.NETFramework,Version=v4.6.1, .NETFramework,Version=v4.6.2, .NETFramework,Version=v4.7, .NETFramework,Version=v4.7.1, .NETFramework,Version=v4.7.2, .NETFramework,Version=v4.8, .NETFramework,Version=v4.8.1' kullan─▒larak geri y├╝klendi. Bu paket projenizle tamamen uyumlu olmayabilir. [C:\Users\fatih\Downloads\GitHub\protokolapi\SUBUArchitecture.sln]
C:\Users\fatih\Downloads\GitHub\protokolapi\SubuProtokol.API\SubuProtokol.API.csproj : warning NU1701: 'Microsoft.AspNet.WebPages 3.2.9' paketi, proje hedef ├ğer├ğevesi 'net6.0' yerine '.NETFramework,Version=v4.6.1, .NETFramework,Version=v4.6.2, .NETFramework,Version=v4.7, .NETFramework,Version=v4.7.1, .NETFramework,Version=v4.7.2, .NETFramework,Version=v4.8, .NETFramework,Version=v4.8.1' kullan─▒larak geri y├╝klendi. Bu paket projenizle tamamen uyumlu olmayabilir. [C:\Users\fatih\Downloads\GitHub\protokolapi\SUBUArchitecture.sln]
C:\Users\fatih\Downloads\GitHub\protokolapi\SubuProtokol.API\SubuProtokol.API.csproj : warning NU1701: 'Microsoft.Web.Infrastructure 1.0.0' paketi, proje hedef ├ğer├ğevesi 'net6.0' yerine '.NETFramework,Version=v4.6.1, .NETFramework,Version=v4.6.2, .NETFramework,Version=v4.7, .NETFramework,Version=v4.7.1, .NETFramework,Version=v4.7.2, .NETFramework,Version=v4.8, .NETFramework,Version=v4.8.1' kullan─▒larak geri y├╝klendi. Bu paket projenizle tamamen uyumlu olmayabilir. [C:\Users\fatih\Downloads\GitHub\protokolapi\SUBUArchitecture.sln]
  C:\Users\fatih\Downloads\GitHub\protokolapi\SubuProtokol.Models\SubuProtokol.Models.csproj geri y├╝klenemedi (1,23 sn i├ğinde).
  C:\Users\fatih\Downloads\GitHub\protokolapi\SubuProtokol.Core\SubuProtokol.Core.csproj geri y├╝klenemedi (1,23 sn i├ğinde).
  C:\Users\fatih\Downloads\GitHub\protokolapi\SubuProtokol.Entities\SubuProtokol.Entities.csproj geri y├╝klenemedi (1,23 sn i├ğinde).
  C:\Users\fatih\Downloads\GitHub\protokolapi\SubuProtokol.Services\SubuProtokol.Services.csproj geri y├╝klenemedi (1,3 sn i├ğinde).
  C:\Users\fatih\Downloads\GitHub\protokolapi\SubuProtokol.WEBUI\SubuProtokol.WEBUI.csproj geri y├╝klenemedi (1,3 sn i├ğinde).
  C:\Users\fatih\Downloads\GitHub\protokolapi\SubuProtokol.DataAccess\SubuProtokol.DataAccess.csproj geri y├╝klenemedi (1,3 sn i├ğinde).
  C:\Users\fatih\Downloads\GitHub\protokolapi\SubuProtokol.API\SubuProtokol.API.csproj geri y├╝klenemedi (1,3 sn i├ğinde).

Olu┼şturma BA┼ŞARISIZ OLDU.

C:\Users\fatih\Downloads\GitHub\protokolapi\SubuProtokol.WEBUI\SubuProtokol.WEBUI.csproj : warning NU1902: 'RestSharp' 108.0.2 paketinde ├Ânem derecesi orta olan bilinen bir https://github.com/advisories/GHSA-4rr6-2v9v-wcpc g├╝venlik a├ğ─▒─ş─▒ var [C:\Users\fatih\Downloads\GitHub\protokolapi\SUBUArchitecture.sln]
C:\Users\fatih\Downloads\GitHub\protokolapi\SubuProtokol.DataAccess\SubuProtokol.DataAccess.csproj : warning NU1903: 'MongoDB.Driver' 2.18.0 paketinde ├Ânem derecesi y├╝ksek olan bilinen bir https://github.com/advisories/GHSA-7j9m-j397-g4wx g├╝venlik a├ğ─▒─ş─▒ var [C:\Users\fatih\Downloads\GitHub\protokolapi\SUBUArchitecture.sln]
C:\Users\fatih\Downloads\GitHub\protokolapi\SubuProtokol.API\SubuProtokol.API.csproj : warning NU1701: 'Microsoft.AspNet.Mvc 5.2.9' paketi, proje hedef ├ğer├ğevesi 'net6.0' yerine '.NETFramework,Version=v4.6.1, .NETFramework,Version=v4.6.2, .NETFramework,Version=v4.7, .NETFramework,Version=v4.7.1, .NETFramework,Version=v4.7.2, .NETFramework,Version=v4.8, .NETFramework,Version=v4.8.1' kullan─▒larak geri y├╝klendi. Bu paket projenizle tamamen uyumlu olmayabilir. [C:\Users\fatih\Downloads\GitHub\protokolapi\SUBUArchitecture.sln]
C:\Users\fatih\Downloads\GitHub\protokolapi\SubuProtokol.API\SubuProtokol.API.csproj : warning NU1701: 'Microsoft.AspNet.Razor 3.2.9' paketi, proje hedef ├ğer├ğevesi 'net6.0' yerine '.NETFramework,Version=v4.6.1, .NETFramework,Version=v4.6.2, .NETFramework,Version=v4.7, .NETFramework,Version=v4.7.1, .NETFramework,Version=v4.7.2, .NETFramework,Version=v4.8, .NETFramework,Version=v4.8.1' kullan─▒larak geri y├╝klendi. Bu paket projenizle tamamen uyumlu olmayabilir. [C:\Users\fatih\Downloads\GitHub\protokolapi\SUBUArchitecture.sln]
C:\Users\fatih\Downloads\GitHub\protokolapi\SubuProtokol.API\SubuProtokol.API.csproj : warning NU1701: 'Microsoft.AspNet.WebPages 3.2.9' paketi, proje hedef ├ğer├ğevesi 'net6.0' yerine '.NETFramework,Version=v4.6.1, .NETFramework,Version=v4.6.2, .NETFramework,Version=v4.7, .NETFramework,Version=v4.7.1, .NETFramework,Version=v4.7.2, .NETFramework,Version=v4.8, .NETFramework,Version=v4.8.1' kullan─▒larak geri y├╝klendi. Bu paket projenizle tamamen uyumlu olmayabilir. [C:\Users\fatih\Downloads\GitHub\protokolapi\SUBUArchitecture.sln]
C:\Users\fatih\Downloads\GitHub\protokolapi\SubuProtokol.API\SubuProtokol.API.csproj : warning NU1701: 'Microsoft.Web.Infrastructure 1.0.0' paketi, proje hedef ├ğer├ğevesi 'net6.0' yerine '.NETFramework,Version=v4.6.1, .NETFramework,Version=v4.6.2, .NETFramework,Version=v4.7, .NETFramework,Version=v4.7.1, .NETFramework,Version=v4.7.2, .NETFramework,Version=v4.8, .NETFramework,Version=v4.8.1' kullan─▒larak geri y├╝klendi. Bu paket projenizle tamamen uyumlu olmayabilir. [C:\Users\fatih\Downloads\GitHub\protokolapi\SUBUArchitecture.sln]
C:\Users\fatih\Downloads\GitHub\protokolapi\SubuProtokol.Core\SubuProtokol.Core.csproj : error NU1101: Sabis.SDFSClientCore paketi bulunam─▒yor. Kaynaklarda bu kimli─şe sahip paket yok: Microsoft Visual Studio Offline Packages, nuget.org [C:\Users\fatih\Downloads\GitHub\protokolapi\SUBUArchitecture.sln]
C:\Users\fatih\Downloads\GitHub\protokolapi\SubuProtokol.Models\SubuProtokol.Models.csproj : error NU1101: Sabis.SDFSClientCore paketi bulunam─▒yor. Kaynaklarda bu kimli─şe sahip paket yok: Microsoft Visual Studio Offline Packages, nuget.org [C:\Users\fatih\Downloads\GitHub\protokolapi\SUBUArchitecture.sln]
C:\Users\fatih\Downloads\GitHub\protokolapi\SubuProtokol.Entities\SubuProtokol.Entities.csproj : error NU1101: Sabis.SDFSClientCore paketi bulunam─▒yor. Kaynaklarda bu kimli─şe sahip paket yok: Microsoft Visual Studio Offline Packages, nuget.org [C:\Users\fatih\Downloads\GitHub\protokolapi\SUBUArchitecture.sln]
C:\Users\fatih\Downloads\GitHub\protokolapi\SubuProtokol.API\SubuProtokol.API.csproj : error NU1101: Sabis.SDFSClientCore paketi bulunam─▒yor. Kaynaklarda bu kimli─şe sahip paket yok: Microsoft Visual Studio Offline Packages, nuget.org [C:\Users\fatih\Downloads\GitHub\protokolapi\SUBUArchitecture.sln]
C:\Users\fatih\Downloads\GitHub\protokolapi\SubuProtokol.DataAccess\SubuProtokol.DataAccess.csproj : error NU1101: Sabis.SDFSClientCore paketi bulunam─▒yor. Kaynaklarda bu kimli─şe sahip paket yok: Microsoft Visual Studio Offline Packages, nuget.org [C:\Users\fatih\Downloads\GitHub\protokolapi\SUBUArchitecture.sln]
C:\Users\fatih\Downloads\GitHub\protokolapi\SubuProtokol.Services\SubuProtokol.Services.csproj : error NU1101: Sabis.SDFSClientCore paketi bulunam─▒yor. Kaynaklarda bu kimli─şe sahip paket yok: Microsoft Visual Studio Offline Packages, nuget.org [C:\Users\fatih\Downloads\GitHub\protokolapi\SUBUArchitecture.sln]
C:\Users\fatih\Downloads\GitHub\protokolapi\SubuProtokol.WEBUI\SubuProtokol.WEBUI.csproj : error NU1101: Sabis.SDFSClientCore paketi bulunam─▒yor. Kaynaklarda bu kimli─şe sahip paket yok: Microsoft Visual Studio Offline Packages, nuget.org [C:\Users\fatih\Downloads\GitHub\protokolapi\SUBUArchitecture.sln]
    6 Uyar─▒
    7 Hata

Ge├ğen S├╝re 00:00:02.10
